> Task :app:preBuild UP-TO-DATE
> Task :app:preDebugBuild UP-TO-DATE
> Task :app:mergeDebugNativeDebugMetadata NO-SOURCE
> Task :app:checkKotlinGradlePluginConfigurationErrors SKIPPED
> Task :app:dataBindingMergeDependencyArtifactsDebug UP-TO-DATE
> Task :app:generateDebugResValues UP-TO-DATE
> Task :app:generateDebugResources UP-TO-DATE
> Task :app:mergeDebugResources UP-TO-DATE
> Task :app:packageDebugResources UP-TO-DATE
> Task :app:parseDebugLocalResources UP-TO-DATE
> Task :app:dataBindingGenBaseClassesDebug UP-TO-DATE
> Task :app:checkDebugAarMetadata UP-TO-DATE
> Task :app:mapDebugSourceSetPaths UP-TO-DATE
> Task :app:createDebugCompatibleScreenManifests UP-TO-DATE
> Task :app:extractDeepLinksDebug UP-TO-DATE
> Task :app:processDebugMainManifest UP-TO-DATE
> Task :app:processDebugManifest UP-TO-DATE
> Task :app:processDebugManifestForPackage UP-TO-DATE
> Task :app:javaPreCompileDebug UP-TO-DATE
> Task :app:mergeDebugShaders UP-TO-DATE
> Task :app:compileDebugShaders NO-SOURCE
> Task :app:generateDebugAssets UP-TO-DATE
> Task :app:mergeDebugAssets UP-TO-DATE
> Task :app:compressDebugAssets UP-TO-DATE
> Task :app:checkDebugDuplicateClasses UP-TO-DATE
> Task :app:desugarDebugFileDependencies UP-TO-DATE
> Task :app:mergeExtDexDebug UP-TO-DATE
> Task :app:mergeLibDexDebug UP-TO-DATE
> Task :app:mergeDebugJniLibFolders UP-TO-DATE
> Task :app:mergeDebugNativeLibs NO-SOURCE
> Task :app:stripDebugDebugSymbols NO-SOURCE
> Task :app:validateSigningDebug UP-TO-DATE
> Task :app:writeDebugAppMetadata UP-TO-DATE
> Task :app:writeDebugSigningConfigVersions UP-TO-DATE
> Task :app:processDebugResources FAILED
./gradlew : 
At line:1 char:1
+ ./gradlew :app:assembleDebug 
> build_output.txt 2>&1
+ ~~~~~~~~~~~~~~~~~~~~~~~~~~~~~~
~~~~~~~~~~~~~~~~~~~~~~
    + CategoryInfo          : N 
   otSpecified: (:String) [],   
  RemoteException
    + FullyQualifiedErrorId : N 
   ativeCommandError
 
FAILURE: Build failed with an 
exception.

* What went wrong:
Execution failed for task 
':app:processDebugResources'.
> A failure occurred while 
executing com.android.build.grad
le.internal.res.LinkApplicationA
ndroidResourcesTask$TaskAction
   > Android resource linking 
failed
     com.example.bankprogg.app-m
ergeDebugResources-59:/values-ni
ght-v8/values-night-v8.xml:12: 
error: resource 
color/purple_200 (aka com.exampl
e.bankprogg:color/purple_200) 
not found.
     com.example.bankprogg.app-m
ergeDebugResources-59:/values-ni
ght-v8/values-night-v8.xml:13: 
error: resource 
color/purple_700 (aka com.exampl
e.bankprogg:color/purple_700) 
not found.
     com.example.bankprogg.app-m
ergeDebugResources-59:/values-ni
ght-v8/values-night-v8.xml:16: 
error: resource color/teal_200 
(aka com.example.bankprogg:color
/teal_200) not found.
     com.example.bankprogg.app-m
ergeDebugResources-59:/values-ni
ght-v8/values-night-v8.xml:17: 
error: resource color/teal_200 
(aka com.example.bankprogg:color
/teal_200) not found.
     com.example.bankprogg.app-m
ergeDebugResources-59:/values-ni
ght-v8/values-night-v8.xml:12: 
error: resource 
color/purple_200 (aka com.exampl
e.bankprogg:color/purple_200) 
not found.
     com.example.bankprogg.app-m
ergeDebugResources-59:/values-ni
ght-v8/values-night-v8.xml:13: 
error: resource 
color/purple_700 (aka com.exampl
e.bankprogg:color/purple_700) 
not found.
     com.example.bankprogg.app-m
ergeDebugResources-59:/values-ni
ght-v8/values-night-v8.xml:16: 
error: resource color/teal_200 
(aka com.example.bankprogg:color
/teal_200) not found.
     com.example.bankprogg.app-m
ergeDebugResources-59:/values-ni
ght-v8/values-night-v8.xml:17: 
error: resource color/teal_200 
(aka com.example.bankprogg:color
/teal_200) not found.
     error: failed linking 
references.


* Try:
> Run with --stacktrace option 
to get the stack trace.
> Run with --info or --debug 
option to get more log output.
> Run with --scan to get full 
insights.
> Get more help at 
https://help.gradle.org.

BUILD FAILED in 6s
27 actionable tasks: 1 executed, 26 up-to-date
